[     113ms] [LOG] [Fast Refresh] rebuilding @ http://localhost:50399/_next/static/chunks/node_modules_next_dist_115brz8._.js:2477
[     622ms] [LOG] [Fast Refresh] done in 610ms @ http://localhost:50399/_next/static/chunks/node_modules_next_dist_115brz8._.js:2477
[     865ms] [INFO] %cDownload the React DevTools for a better development experience: https://react.dev/link/react-devtools font-weight:bold @ http://localhost:50399/_next/static/chunks/node_modules_next_dist_115brz8._.js:2477
[     913ms] [LOG] [HMR] connected @ http://localhost:50399/_next/static/chunks/node_modules_next_dist_115brz8._.js:2477
[    1204ms] [LOG] [Fast Refresh] rebuilding @ http://localhost:50399/_next/static/chunks/node_modules_next_dist_115brz8._.js:2477
[    1453ms] [LOG] [Fast Refresh] done in 355ms @ http://localhost:50399/_next/static/chunks/node_modules_next_dist_115brz8._.js:2477
[    1549ms] [WARNING] THREE.Clock: This module has been deprecated. Please use THREE.Timer instead. @ http://localhost:50399/_next/static/chunks/node_modules_next_dist_115brz8._.js:2477
[   12853ms] [WARNING] Canvas2D: Multiple readback operations using getImageData are faster with the willReadFrequently attribute set to true. See: https://html.spec.whatwg.org/multipage/canvas.html#concept-canvas-will-read-frequently @ :7
[   24715ms] [LOG] [Fast Refresh] rebuilding @ http://localhost:50399/_next/static/chunks/node_modules_next_dist_115brz8._.js:2477
[   24820ms] [LOG] [Fast Refresh] done in 86ms @ http://localhost:50399/_next/static/chunks/node_modules_next_dist_115brz8._.js:2477
[   36301ms] [LOG] [Fast Refresh] rebuilding @ http://localhost:50399/_next/static/chunks/node_modules_next_dist_115brz8._.js:2477
[   36430ms] [LOG] [Fast Refresh] done in 230ms @ http://localhost:50399/_next/static/chunks/node_modules_next_dist_115brz8._.js:2477
[   36519ms] [INFO] %cDownload the React DevTools for a better development experience: https://react.dev/link/react-devtools font-weight:bold @ http://localhost:50399/_next/static/chunks/node_modules_next_dist_115brz8._.js:2477
[   36550ms] [LOG] [HMR] connected @ http://localhost:50399/_next/static/chunks/node_modules_next_dist_115brz8._.js:2477
[   36928ms] [WARNING] THREE.Clock: This module has been deprecated. Please use THREE.Timer instead. @ http://localhost:50399/_next/static/chunks/node_modules_next_dist_115brz8._.js:2477
[   64061ms] [LOG] [Fast Refresh] rebuilding @ http://localhost:50399/_next/static/chunks/node_modules_next_dist_115brz8._.js:2477
[   64127ms] [LOG] [Fast Refresh] done in 169ms @ http://localhost:50399/_next/static/chunks/node_modules_next_dist_115brz8._.js:2477
[   80434ms] [LOG] [Fast Refresh] rebuilding @ http://localhost:50399/_next/static/chunks/node_modules_next_dist_115brz8._.js:2477
[   80606ms] [LOG] [Fast Refresh] done in 125ms @ http://localhost:50399/_next/static/chunks/node_modules_next_dist_115brz8._.js:2477
[   90218ms] [LOG] [Fast Refresh] rebuilding @ http://localhost:50399/_next/static/chunks/node_modules_next_dist_115brz8._.js:2477
[   90271ms] [LOG] [Fast Refresh] done in 154ms @ http://localhost:50399/_next/static/chunks/node_modules_next_dist_115brz8._.js:2477
[   96155ms] [LOG] [Fast Refresh] rebuilding @ http://localhost:50399/_next/static/chunks/node_modules_next_dist_115brz8._.js:2477
[   96245ms] [LOG] [Fast Refresh] done in 192ms @ http://localhost:50399/_next/static/chunks/node_modules_next_dist_115brz8._.js:2477
[  128081ms] [LOG] [Fast Refresh] rebuilding @ http://localhost:50399/_next/static/chunks/node_modules_next_dist_115brz8._.js:2477
[  128161ms] [LOG] [Fast Refresh] done in 186ms @ http://localhost:50399/_next/static/chunks/node_modules_next_dist_115brz8._.js:2477
[  129428ms] [LOG] [Fast Refresh] rebuilding @ http://localhost:50399/_next/static/chunks/node_modules_next_dist_115brz8._.js:2477
[  129490ms] [LOG] [Fast Refresh] done in 165ms @ http://localhost:50399/_next/static/chunks/node_modules_next_dist_115brz8._.js:2477
