[     239ms] [INFO] %cDownload the React DevTools for a better development experience: https://react.dev/link/react-devtools font-weight:bold @ http://localhost:50399/_next/static/chunks/node_modules_next_dist_115brz8._.js:2477
[     346ms] [LOG] [HMR] connected @ http://localhost:50399/_next/static/chunks/node_modules_next_dist_115brz8._.js:2477
[     481ms] [ERROR] Failed to load resource: the server responded with a status of 404 (Not Found) @ http://localhost:50399/favicon.ico:0
[     857ms] [WARNING] THREE.Clock: This module has been deprecated. Please use THREE.Timer instead. @ http://localhost:50399/_next/static/chunks/node_modules_next_dist_115brz8._.js:2477
[  217343ms] [LOG] [Fast Refresh] rebuilding @ http://localhost:50399/_next/static/chunks/node_modules_next_dist_115brz8._.js:2477
[  217453ms] [LOG] [Fast Refresh] done in 117ms @ http://localhost:50399/_next/static/chunks/node_modules_next_dist_115brz8._.js:2477
[  233404ms] [LOG] [Fast Refresh] rebuilding @ http://localhost:50399/_next/static/chunks/node_modules_next_dist_115brz8._.js:2477
[  233471ms] [LOG] [Fast Refresh] done in 107ms @ http://localhost:50399/_next/static/chunks/node_modules_next_dist_115brz8._.js:2477
[  239612ms] [LOG] [Fast Refresh] rebuilding @ http://localhost:50399/_next/static/chunks/node_modules_next_dist_115brz8._.js:2477
[  239711ms] [LOG] [Fast Refresh] done in 102ms @ http://localhost:50399/_next/static/chunks/node_modules_next_dist_115brz8._.js:2477
[  243933ms] [LOG] [Fast Refresh] rebuilding @ http://localhost:50399/_next/static/chunks/node_modules_next_dist_115brz8._.js:2477
[  244019ms] [LOG] [Fast Refresh] done in 98ms @ http://localhost:50399/_next/static/chunks/node_modules_next_dist_115brz8._.js:2477
[  255145ms] [LOG] [Fast Refresh] rebuilding @ http://localhost:50399/_next/static/chunks/node_modules_next_dist_115brz8._.js:2477
[  255241ms] [LOG] [Fast Refresh] done in 118ms @ http://localhost:50399/_next/static/chunks/node_modules_next_dist_115brz8._.js:2477
[  260979ms] [LOG] [Fast Refresh] rebuilding @ http://localhost:50399/_next/static/chunks/node_modules_next_dist_115brz8._.js:2477
[  261067ms] [LOG] [Fast Refresh] done in 99ms @ http://localhost:50399/_next/static/chunks/node_modules_next_dist_115brz8._.js:2477
[  264526ms] [LOG] [Fast Refresh] rebuilding @ http://localhost:50399/_next/static/chunks/node_modules_next_dist_115brz8._.js:2477
[  264609ms] [LOG] [Fast Refresh] done in 85ms @ http://localhost:50399/_next/static/chunks/node_modules_next_dist_115brz8._.js:2477
[  271768ms] [LOG] [Fast Refresh] rebuilding @ http://localhost:50399/_next/static/chunks/node_modules_next_dist_115brz8._.js:2477
[  271830ms] [LOG] [Fast Refresh] done in 100ms @ http://localhost:50399/_next/static/chunks/node_modules_next_dist_115brz8._.js:2477
[  278541ms] [LOG] [Fast Refresh] rebuilding @ http://localhost:50399/_next/static/chunks/node_modules_next_dist_115brz8._.js:2477
[  278804ms] [LOG] [Fast Refresh] done in 368ms @ http://localhost:50399/_next/static/chunks/node_modules_next_dist_115brz8._.js:2477
[  281831ms] [LOG] [Fast Refresh] rebuilding @ http://localhost:50399/_next/static/chunks/node_modules_next_dist_115brz8._.js:2477
[  282003ms] [LOG] [Fast Refresh] done in 247ms @ http://localhost:50399/_next/static/chunks/node_modules_next_dist_115brz8._.js:2477
[  284586ms] [LOG] [Fast Refresh] rebuilding @ http://localhost:50399/_next/static/chunks/node_modules_next_dist_115brz8._.js:2477
[  284773ms] [LOG] [Fast Refresh] done in 260ms @ http://localhost:50399/_next/static/chunks/node_modules_next_dist_115brz8._.js:2477
