[     111ms] [LOG] [Fast Refresh] rebuilding @ http://localhost:50399/_next/static/chunks/node_modules_next_dist_115brz8._.js:2477
[     394ms] [LOG] [Fast Refresh] done in 384ms @ http://localhost:50399/_next/static/chunks/node_modules_next_dist_115brz8._.js:2477
[     478ms] [INFO] %cDownload the React DevTools for a better development experience: https://react.dev/link/react-devtools font-weight:bold @ http://localhost:50399/_next/static/chunks/node_modules_next_dist_115brz8._.js:2477
[     498ms] [LOG] [HMR] connected @ http://localhost:50399/_next/static/chunks/node_modules_next_dist_115brz8._.js:2477
[     694ms] [LOG] [Fast Refresh] rebuilding @ http://localhost:50399/_next/static/chunks/node_modules_next_dist_115brz8._.js:2477
[     762ms] [LOG] [Fast Refresh] done in 180ms @ http://localhost:50399/_next/static/chunks/node_modules_next_dist_115brz8._.js:2477
[     763ms] [WARNING] THREE.Clock: This module has been deprecated. Please use THREE.Timer instead. @ http://localhost:50399/_next/static/chunks/node_modules_next_dist_115brz8._.js:2477
[   13917ms] [WARNING] Canvas2D: Multiple readback operations using getImageData are faster with the willReadFrequently attribute set to true. See: https://html.spec.whatwg.org/multipage/canvas.html#concept-canvas-will-read-frequently @ :6
[   97042ms] [LOG] [Fast Refresh] rebuilding @ http://localhost:50399/_next/static/chunks/node_modules_next_dist_115brz8._.js:2477
[   97216ms] [LOG] [Fast Refresh] done in 135ms @ http://localhost:50399/_next/static/chunks/node_modules_next_dist_115brz8._.js:2477
[  103398ms] [LOG] [Fast Refresh] rebuilding @ http://localhost:50399/_next/static/chunks/node_modules_next_dist_115brz8._.js:2477
[  103538ms] [LOG] [Fast Refresh] done in 102ms @ http://localhost:50399/_next/static/chunks/node_modules_next_dist_115brz8._.js:2477
[  109101ms] [LOG] [Fast Refresh] rebuilding @ http://localhost:50399/_next/static/chunks/node_modules_next_dist_115brz8._.js:2477
[  109250ms] [LOG] [Fast Refresh] done in 156ms @ http://localhost:50399/_next/static/chunks/node_modules_next_dist_115brz8._.js:2477
[  110219ms] [LOG] [Fast Refresh] rebuilding @ http://localhost:50399/_next/static/chunks/node_modules_next_dist_115brz8._.js:2477
[  110384ms] [LOG] [Fast Refresh] done in 136ms @ http://localhost:50399/_next/static/chunks/node_modules_next_dist_115brz8._.js:2477
[  117492ms] [LOG] [Fast Refresh] rebuilding @ http://localhost:50399/_next/static/chunks/node_modules_next_dist_115brz8._.js:2477
[  117641ms] [LOG] [Fast Refresh] done in 140ms @ http://localhost:50399/_next/static/chunks/node_modules_next_dist_115brz8._.js:2477
[  122495ms] [LOG] [Fast Refresh] rebuilding @ http://localhost:50399/_next/static/chunks/node_modules_next_dist_115brz8._.js:2477
[  122669ms] [LOG] [Fast Refresh] done in 172ms @ http://localhost:50399/_next/static/chunks/node_modules_next_dist_115brz8._.js:2477
[  125286ms] [LOG] [Fast Refresh] rebuilding @ http://localhost:50399/_next/static/chunks/node_modules_next_dist_115brz8._.js:2477
[  125434ms] [LOG] [Fast Refresh] done in 134ms @ http://localhost:50399/_next/static/chunks/node_modules_next_dist_115brz8._.js:2477
[  143784ms] [LOG] [Fast Refresh] rebuilding @ http://localhost:50399/_next/static/chunks/node_modules_next_dist_115brz8._.js:2477
[  143909ms] [LOG] [Fast Refresh] done in 129ms @ http://localhost:50399/_next/static/chunks/node_modules_next_dist_115brz8._.js:2477
