[     267ms] [LOG] [Fast Refresh] rebuilding @ http://localhost:50399/_next/static/chunks/node_modules_next_dist_115brz8._.js:2477
[    1287ms] [LOG] [Fast Refresh] done in 1121ms @ http://localhost:50399/_next/static/chunks/node_modules_next_dist_115brz8._.js:2477
[    1548ms] [INFO] %cDownload the React DevTools for a better development experience: https://react.dev/link/react-devtools font-weight:bold @ http://localhost:50399/_next/static/chunks/node_modules_next_dist_115brz8._.js:2477
[    1616ms] [LOG] [HMR] connected @ http://localhost:50399/_next/static/chunks/node_modules_next_dist_115brz8._.js:2477
[    1795ms] [LOG] [Fast Refresh] rebuilding @ http://localhost:50399/_next/static/chunks/node_modules_next_dist_115brz8._.js:2477
[    1807ms] [LOG] [Fast Refresh] done in 118ms @ http://localhost:50399/_next/static/chunks/node_modules_next_dist_115brz8._.js:2477
[    2028ms] [LOG] [Fast Refresh] rebuilding @ http://localhost:50399/_next/static/chunks/node_modules_next_dist_115brz8._.js:2477
[    2029ms] [LOG] [Fast Refresh] done in 213ms @ http://localhost:50399/_next/static/chunks/node_modules_next_dist_115brz8._.js:2477
[    2092ms] [WARNING] THREE.Clock: This module has been deprecated. Please use THREE.Timer instead. @ http://localhost:50399/_next/static/chunks/node_modules_next_dist_115brz8._.js:2477
[  124136ms] [LOG] [Fast Refresh] rebuilding @ http://localhost:50399/_next/static/chunks/node_modules_next_dist_115brz8._.js:2477
[  124436ms] [LOG] [Fast Refresh] done in 398ms @ http://localhost:50399/_next/static/chunks/node_modules_next_dist_115brz8._.js:2477
[  124544ms] [LOG] [Fast Refresh] rebuilding @ http://localhost:50399/_next/static/chunks/node_modules_next_dist_115brz8._.js:2477
[  124893ms] [LOG] [Fast Refresh] done in 448ms @ http://localhost:50399/_next/static/chunks/node_modules_next_dist_115brz8._.js:2477
[  133432ms] [LOG] [Fast Refresh] rebuilding @ http://localhost:50399/_next/static/chunks/node_modules_next_dist_115brz8._.js:2477
[  133666ms] [LOG] [Fast Refresh] done in 216ms @ http://localhost:50399/_next/static/chunks/node_modules_next_dist_115brz8._.js:2477
[  139749ms] [LOG] [Fast Refresh] rebuilding @ http://localhost:50399/_next/static/chunks/node_modules_next_dist_115brz8._.js:2477
[  139983ms] [LOG] [Fast Refresh] done in 151ms @ http://localhost:50399/_next/static/chunks/node_modules_next_dist_115brz8._.js:2477
[  145825ms] [LOG] [Fast Refresh] rebuilding @ http://localhost:50399/_next/static/chunks/node_modules_next_dist_115brz8._.js:2477
[  146098ms] [LOG] [Fast Refresh] done in 191ms @ http://localhost:50399/_next/static/chunks/node_modules_next_dist_115brz8._.js:2477
[  168191ms] [LOG] [Fast Refresh] rebuilding @ http://localhost:50399/_next/static/chunks/node_modules_next_dist_115brz8._.js:2477
[  168446ms] [LOG] [Fast Refresh] done in 183ms @ http://localhost:50399/_next/static/chunks/node_modules_next_dist_115brz8._.js:2477
[  180113ms] [LOG] [Fast Refresh] rebuilding @ http://localhost:50399/_next/static/chunks/node_modules_next_dist_115brz8._.js:2477
[  180345ms] [LOG] [Fast Refresh] done in 170ms @ http://localhost:50399/_next/static/chunks/node_modules_next_dist_115brz8._.js:2477
[  183111ms] [LOG] [Fast Refresh] rebuilding @ http://localhost:50399/_next/static/chunks/node_modules_next_dist_115brz8._.js:2477
[  183328ms] [LOG] [Fast Refresh] done in 169ms @ http://localhost:50399/_next/static/chunks/node_modules_next_dist_115brz8._.js:2477
[  192209ms] [LOG] [Fast Refresh] rebuilding @ http://localhost:50399/_next/static/chunks/node_modules_next_dist_115brz8._.js:2477
[  192381ms] [LOG] [Fast Refresh] done in 145ms @ http://localhost:50399/_next/static/chunks/node_modules_next_dist_115brz8._.js:2477
[  198388ms] [LOG] [Fast Refresh] rebuilding @ http://localhost:50399/_next/static/chunks/node_modules_next_dist_115brz8._.js:2477
[  198638ms] [LOG] [Fast Refresh] done in 177ms @ http://localhost:50399/_next/static/chunks/node_modules_next_dist_115brz8._.js:2477
[  206443ms] [LOG] [Fast Refresh] rebuilding @ http://localhost:50399/_next/static/chunks/node_modules_next_dist_115brz8._.js:2477
[  206649ms] [LOG] [Fast Refresh] done in 160ms @ http://localhost:50399/_next/static/chunks/node_modules_next_dist_115brz8._.js:2477
[  213019ms] [LOG] [Fast Refresh] rebuilding @ http://localhost:50399/_next/static/chunks/node_modules_next_dist_115brz8._.js:2477
[  213193ms] [LOG] [Fast Refresh] done in 158ms @ http://localhost:50399/_next/static/chunks/node_modules_next_dist_115brz8._.js:2477
[  219205ms] [LOG] [Fast Refresh] rebuilding @ http://localhost:50399/_next/static/chunks/node_modules_next_dist_115brz8._.js:2477
[  219417ms] [LOG] [Fast Refresh] done in 147ms @ http://localhost:50399/_next/static/chunks/node_modules_next_dist_115brz8._.js:2477
[  227821ms] [LOG] [Fast Refresh] rebuilding @ http://localhost:50399/_next/static/chunks/node_modules_next_dist_115brz8._.js:2477
[  228018ms] [LOG] [Fast Refresh] done in 145ms @ http://localhost:50399/_next/static/chunks/node_modules_next_dist_115brz8._.js:2477
[  255902ms] [LOG] [Fast Refresh] rebuilding @ http://localhost:50399/_next/static/chunks/node_modules_next_dist_115brz8._.js:2477
[  256101ms] [LOG] [Fast Refresh] done in 151ms @ http://localhost:50399/_next/static/chunks/node_modules_next_dist_115brz8._.js:2477
[  257527ms] [LOG] [Fast Refresh] rebuilding @ http://localhost:50399/_next/static/chunks/node_modules_next_dist_115brz8._.js:2477
[  257706ms] [LOG] [Fast Refresh] done in 151ms @ http://localhost:50399/_next/static/chunks/node_modules_next_dist_115brz8._.js:2477
