[     115ms] [LOG] [Fast Refresh] rebuilding @ http://localhost:3001/_next/static/chunks/node_modules_next_dist_115brz8._.js:2477
[    1014ms] [LOG] [Fast Refresh] done in 1001ms @ http://localhost:3001/_next/static/chunks/node_modules_next_dist_115brz8._.js:2477
[    1181ms] [INFO] %cDownload the React DevTools for a better development experience: https://react.dev/link/react-devtools font-weight:bold @ http://localhost:3001/_next/static/chunks/node_modules_next_dist_115brz8._.js:2477
[    1210ms] [LOG] [HMR] connected @ http://localhost:3001/_next/static/chunks/node_modules_next_dist_115brz8._.js:2477
[    1491ms] [LOG] [Fast Refresh] rebuilding @ http://localhost:3001/_next/static/chunks/node_modules_next_dist_115brz8._.js:2477
[    1551ms] [LOG] [Fast Refresh] done in 211ms @ http://localhost:3001/_next/static/chunks/node_modules_next_dist_115brz8._.js:2477
[    3370ms] [LOG] [Fast Refresh] rebuilding @ http://localhost:3001/_next/static/chunks/node_modules_next_dist_115brz8._.js:2477
[    3448ms] [LOG] [Fast Refresh] done in 181ms @ http://localhost:3001/_next/static/chunks/node_modules_next_dist_115brz8._.js:2477
[   22806ms] [LOG] [Fast Refresh] rebuilding @ http://localhost:3001/_next/static/chunks/node_modules_next_dist_115brz8._.js:2477
[   22869ms] [LOG] [Fast Refresh] done in 167ms @ http://localhost:3001/_next/static/chunks/node_modules_next_dist_115brz8._.js:2477
[   26903ms] [LOG] [Fast Refresh] rebuilding @ http://localhost:3001/_next/static/chunks/node_modules_next_dist_115brz8._.js:2477
[   26964ms] [LOG] [Fast Refresh] done in 165ms @ http://localhost:3001/_next/static/chunks/node_modules_next_dist_115brz8._.js:2477
[   36560ms] [LOG] [Fast Refresh] rebuilding @ http://localhost:3001/_next/static/chunks/node_modules_next_dist_115brz8._.js:2477
[   36639ms] [LOG] [Fast Refresh] done in 183ms @ http://localhost:3001/_next/static/chunks/node_modules_next_dist_115brz8._.js:2477
[   59000ms] [LOG] [Fast Refresh] rebuilding @ http://localhost:3001/_next/static/chunks/node_modules_next_dist_115brz8._.js:2477
[   59124ms] [LOG] [Fast Refresh] done in 226ms @ http://localhost:3001/_next/static/chunks/node_modules_next_dist_115brz8._.js:2477
[   68613ms] [LOG] [Fast Refresh] rebuilding @ http://localhost:3001/_next/static/chunks/node_modules_next_dist_115brz8._.js:2477
[   68705ms] [LOG] [Fast Refresh] done in 199ms @ http://localhost:3001/_next/static/chunks/node_modules_next_dist_115brz8._.js:2477
[   75680ms] [LOG] [Fast Refresh] rebuilding @ http://localhost:3001/_next/static/chunks/node_modules_next_dist_115brz8._.js:2477
[   75774ms] [LOG] [Fast Refresh] done in 198ms @ http://localhost:3001/_next/static/chunks/node_modules_next_dist_115brz8._.js:2477
[   80027ms] [LOG] [Fast Refresh] rebuilding @ http://localhost:3001/_next/static/chunks/node_modules_next_dist_115brz8._.js:2477
[   80261ms] [LOG] [Fast Refresh] done in 335ms @ http://localhost:3001/_next/static/chunks/node_modules_next_dist_115brz8._.js:2477
[   80442ms] [LOG] [Fast Refresh] rebuilding @ http://localhost:3001/_next/static/chunks/node_modules_next_dist_115brz8._.js:2477
[   80628ms] [LOG] [Fast Refresh] done in 287ms @ http://localhost:3001/_next/static/chunks/node_modules_next_dist_115brz8._.js:2477
[   83382ms] [LOG] [Fast Refresh] rebuilding @ http://localhost:3001/_next/static/chunks/node_modules_next_dist_115brz8._.js:2477
[   83519ms] [LOG] [Fast Refresh] done in 242ms @ http://localhost:3001/_next/static/chunks/node_modules_next_dist_115brz8._.js:2477
[  102012ms] [LOG] [Fast Refresh] rebuilding @ http://localhost:3001/_next/static/chunks/node_modules_next_dist_115brz8._.js:2477
[  102212ms] [LOG] [Fast Refresh] done in 306ms @ http://localhost:3001/_next/static/chunks/node_modules_next_dist_115brz8._.js:2477
[  113497ms] [LOG] [Fast Refresh] rebuilding @ http://localhost:3001/_next/static/chunks/node_modules_next_dist_115brz8._.js:2477
[  113778ms] [LOG] [Fast Refresh] done in 384ms @ http://localhost:3001/_next/static/chunks/node_modules_next_dist_115brz8._.js:2477
[  121204ms] [LOG] [Fast Refresh] rebuilding @ http://localhost:3001/_next/static/chunks/node_modules_next_dist_115brz8._.js:2477
[  121302ms] [LOG] [Fast Refresh] done in 199ms @ http://localhost:3001/_next/static/chunks/node_modules_next_dist_115brz8._.js:2477
